2025-04-15 18:08:20.324006 - Received CBT.V508.FILE1027.PDS from FILE1027.XMI 
2025-04-15 18:08:20.325624 - Found $$$#DATE.txt (text/plain) in CBT.V508.FILE1027.PDS, moved to PDS/$$$#DATE
2025-04-15 18:08:20.326003 - Found $$NOTE01.txt (text/plain) in CBT.V508.FILE1027.PDS, moved to PDS/$$NOTE01
2025-04-15 18:08:20.326062 - Found @FIL1027.txt (text/plain) in CBT.V508.FILE1027.PDS, moved to PDS/@FIL1027
2025-04-15 18:08:20.326364 - Found BOOK.xmi (application/xmit) in CBT.V508.FILE1027.PDS, moved to PDS/BOOK.xmi
2025-04-15 18:08:20.386837 - Received A041696.DDNAME.XMITFIL1 from BOOK.xmi 
2025-04-15 18:08:20.388746 - Found A011049.txt (text/plain) in A041696.DDNAME.XMITFIL1, moved to BOOK/A011049
2025-04-15 18:08:20.389305 - Found A037889.txt (text/plain) in A041696.DDNAME.XMITFIL1, moved to BOOK/A037889
2025-04-15 18:08:20.389526 - Found A041194.txt (text/plain) in A041696.DDNAME.XMITFIL1, moved to BOOK/A041194
2025-04-15 18:08:20.389734 - Found A041696.txt (text/plain) in A041696.DDNAME.XMITFIL1, moved to BOOK/A041696
2025-04-15 18:08:20.389941 - Found A057259.txt (text/plain) in A041696.DDNAME.XMITFIL1, moved to BOOK/A057259
2025-04-15 18:08:20.390139 - Found A058097.txt (text/plain) in A041696.DDNAME.XMITFIL1, moved to BOOK/A058097
2025-04-15 18:08:20.390344 - Found A058173.txt (text/plain) in A041696.DDNAME.XMITFIL1, moved to BOOK/A058173
2025-04-15 18:08:20.390560 - Found A067281.txt (text/plain) in A041696.DDNAME.XMITFIL1, moved to BOOK/A067281
2025-04-15 18:08:20.390764 - Found DOC.txt (text/plain) in A041696.DDNAME.XMITFIL1, moved to BOOK/DOC
2025-04-15 18:08:20.390958 - Found JCL.jcl (text/plain) in A041696.DDNAME.XMITFIL1, moved to BOOK/JCL
2025-04-15 18:08:20.391129 - Found README.txt (text/plain) in A041696.DDNAME.XMITFIL1, moved to BOOK/README
2025-04-15 18:08:20.391301 - Found RFD002.txt (text/plain) in A041696.DDNAME.XMITFIL1, moved to BOOK/RFD002
2025-04-15 18:08:20.391603 - Found SAMPLE.txt (text/plain) in A041696.DDNAME.XMITFIL1, moved to BOOK/SAMPLE
2025-04-15 18:08:20.391899 - Found ZFRAME.txt (text/plain) in A041696.DDNAME.XMITFIL1, moved to BOOK/ZFRAME
2025-04-15 18:08:20.392482 - Found INSTALL.txt (text/plain) in CBT.V508.FILE1027.PDS, moved to PDS/INSTALL
2025-04-15 18:08:20.392844 - Found MMAIL.rexx (text/plain) in CBT.V508.FILE1027.PDS, moved to PDS/MMAIL
2025-04-15 18:08:20.393192 - Found PRINTJCL.jcl (text/plain) in CBT.V508.FILE1027.PDS, moved to PDS/PRINTJCL
2025-04-15 18:08:20.393557 - Found README.txt (text/plain) in CBT.V508.FILE1027.PDS, moved to PDS/README
2025-04-15 18:08:20.393909 - Found README1.txt (text/plain) in CBT.V508.FILE1027.PDS, moved to PDS/README1
2025-04-15 18:08:20.394150 - Found SDSFMAIL.rexx (text/plain) in CBT.V508.FILE1027.PDS, moved to PDS/SDSFMAIL
2025-04-15 18:08:20.394498 - Found XMAIL.rexx (text/plain) in CBT.V508.FILE1027.PDS, moved to PDS/XMAIL
